Archive member included to satisfy reference by file (symbol)

c:/program files (x86)/atmel/studio/7.0/toolchain/arm/arm-gnu-toolchain/bin/../lib/gcc/arm-none-eabi/6.3.1/thumb/v6-m\libgcc.a(_udivsi3.o)
                              src/ASF/sam0/drivers/system/clock/clock_samd21_r21_da_ha1/clock.o (__aeabi_uidiv)
c:/program files (x86)/atmel/studio/7.0/toolchain/arm/arm-gnu-toolchain/bin/../lib/gcc/arm-none-eabi/6.3.1/thumb/v6-m\libgcc.a(_dvmd_tls.o)
                              c:/program files (x86)/atmel/studio/7.0/toolchain/arm/arm-gnu-toolchain/bin/../lib/gcc/arm-none-eabi/6.3.1/thumb/v6-m\libgcc.a(_udivsi3.o) (__aeabi_idiv0)
c:/program files (x86)/atmel/studio/7.0/toolchain/arm/arm-gnu-toolchain/bin/../lib/gcc/arm-none-eabi/6.3.1/thumb/v6-m\libgcc.a(_muldi3.o)
                              src/ASF/sam0/drivers/sercom/sercom.o (__aeabi_lmul)
c:/program files (x86)/atmel/studio/7.0/toolchain/arm/arm-gnu-toolchain/bin/../lib/gcc/arm-none-eabi/6.3.1/../../../../arm-none-eabi/lib/thumb/v6-m\libc_nano.a(lib_a-exit.o)
                              c:/program files (x86)/atmel/studio/7.0/toolchain/arm/arm-gnu-toolchain/bin/../lib/gcc/arm-none-eabi/6.3.1/../../../../arm-none-eabi/lib/thumb/v6-m/crt0.o (exit)
c:/program files (x86)/atmel/studio/7.0/toolchain/arm/arm-gnu-toolchain/bin/../lib/gcc/arm-none-eabi/6.3.1/../../../../arm-none-eabi/lib/thumb/v6-m\libc_nano.a(lib_a-impure.o)
                              c:/program files (x86)/atmel/studio/7.0/toolchain/arm/arm-gnu-toolchain/bin/../lib/gcc/arm-none-eabi/6.3.1/../../../../arm-none-eabi/lib/thumb/v6-m\libc_nano.a(lib_a-exit.o) (_global_impure_ptr)
c:/program files (x86)/atmel/studio/7.0/toolchain/arm/arm-gnu-toolchain/bin/../lib/gcc/arm-none-eabi/6.3.1/../../../../arm-none-eabi/lib/thumb/v6-m\libc_nano.a(lib_a-init.o)
                              c:/program files (x86)/atmel/studio/7.0/toolchain/arm/arm-gnu-toolchain/bin/../lib/gcc/arm-none-eabi/6.3.1/../../../../arm-none-eabi/lib/thumb/v6-m/crt0.o (__libc_init_array)
c:/program files (x86)/atmel/studio/7.0/toolchain/arm/arm-gnu-toolchain/bin/../lib/gcc/arm-none-eabi/6.3.1/../../../../arm-none-eabi/lib/thumb/v6-m\libc_nano.a(lib_a-memset.o)
                              c:/program files (x86)/atmel/studio/7.0/toolchain/arm/arm-gnu-toolchain/bin/../lib/gcc/arm-none-eabi/6.3.1/../../../../arm-none-eabi/lib/thumb/v6-m/crt0.o (memset)

Allocating common symbols
Common symbol       size              file

_sercom_instances   0x18              src/ASF/sam0/drivers/sercom/sercom_interrupt.o
i2c_slave_instance  0x34              src/qs_i2c_slave_callback.o

Discarded input sections

 .text          0x00000000        0x0 c:/program files (x86)/atmel/studio/7.0/toolchain/arm/arm-gnu-toolchain/bin/../lib/gcc/arm-none-eabi/6.3.1/thumb/v6-m/crti.o
 .data          0x00000000        0x0 c:/program files (x86)/atmel/studio/7.0/toolchain/arm/arm-gnu-toolchain/bin/../lib/gcc/arm-none-eabi/6.3.1/thumb/v6-m/crti.o
 .bss           0x00000000        0x0 c:/program files (x86)/atmel/studio/7.0/toolchain/arm/arm-gnu-toolchain/bin/../lib/gcc/arm-none-eabi/6.3.1/thumb/v6-m/crti.o
 .data          0x00000000        0x4 c:/program files (x86)/atmel/studio/7.0/toolchain/arm/arm-gnu-toolchain/bin/../lib/gcc/arm-none-eabi/6.3.1/thumb/v6-m/crtbegin.o
 .text          0x00000000       0x78 c:/program files (x86)/atmel/studio/7.0/toolchain/arm/arm-gnu-toolchain/bin/../lib/gcc/arm-none-eabi/6.3.1/../../../../arm-none-eabi/lib/thumb/v6-m/crt0.o
 .data          0x00000000        0x0 c:/program files (x86)/atmel/studio/7.0/toolchain/arm/arm-gnu-toolchain/bin/../lib/gcc/arm-none-eabi/6.3.1/../../../../arm-none-eabi/lib/thumb/v6-m/crt0.o
 .bss           0x00000000        0x0 c:/program files (x86)/atmel/studio/7.0/toolchain/arm/arm-gnu-toolchain/bin/../lib/gcc/arm-none-eabi/6.3.1/../../../../arm-none-eabi/lib/thumb/v6-m/crt0.o
 .ARM.extab     0x00000000        0x0 c:/program files (x86)/atmel/studio/7.0/toolchain/arm/arm-gnu-toolchain/bin/../lib/gcc/arm-none-eabi/6.3.1/../../../../arm-none-eabi/lib/thumb/v6-m/crt0.o
 .ARM.exidx     0x00000000        0x8 c:/program files (x86)/atmel/studio/7.0/toolchain/arm/arm-gnu-toolchain/bin/../lib/gcc/arm-none-eabi/6.3.1/../../../../arm-none-eabi/lib/thumb/v6-m/crt0.o
 .ARM.attributes
                0x00000000       0x1b c:/program files (x86)/atmel/studio/7.0/toolchain/arm/arm-gnu-toolchain/bin/../lib/gcc/arm-none-eabi/6.3.1/../../../../arm-none-eabi/lib/thumb/v6-m/crt0.o
 .group         0x00000000        0x8 src/ASF/common/utils/interrupt/interrupt_sam_nvic.o
 .group         0x00000000        0x8 src/ASF/common/utils/interrupt/interrupt_sam_nvic.o
 .group         0x00000000        0x8 src/ASF/common/utils/interrupt/interrupt_sam_nvic.o
 .group         0x00000000        0x8 src/ASF/common/utils/interrupt/interrupt_sam_nvic.o
 .group         0x00000000        0x8 src/ASF/common/utils/interrupt/interrupt_sam_nvic.o
 .group         0x00000000        0x8 src/ASF/common/utils/interrupt/interrupt_sam_nvic.o
[...]
Memory Configuration

Name             Origin             Length             Attributes
rom              0x00000000         0x00010000         xr
ram              0x20000000         0x00002000         xrw
*default*        0x00000000         0xffffffff

Linker script and memory map

LOAD c:/program files (x86)/atmel/studio/7.0/toolchain/arm/arm-gnu-toolchain/bin/../lib/gcc/arm-none-eabi/6.3.1/thumb/v6-m/crti.o
LOAD c:/program files (x86)/atmel/studio/7.0/toolchain/arm/arm-gnu-toolchain/bin/../lib/gcc/arm-none-eabi/6.3.1/thumb/v6-m/crtbegin.o
LOAD c:/program files (x86)/atmel/studio/7.0/toolchain/arm/arm-gnu-toolchain/bin/../lib/gcc/arm-none-eabi/6.3.1/../../../../arm-none-eabi/lib/thumb/v6-m/crt0.o
LOAD src/ASF/common/utils/interrupt/interrupt_sam_nvic.o
LOAD src/ASF/sam0/boards/samda1_xplained_pro/board_init.o
LOAD src/ASF/sam0/drivers/port/port.o
LOAD src/ASF/sam0/drivers/sercom/i2c/i2c_sam0/i2c_slave.o
LOAD src/ASF/sam0/drivers/sercom/i2c/i2c_sam0/i2c_slave_interrupt.o
LOAD src/ASF/sam0/drivers/sercom/sercom.o
LOAD src/ASF/sam0/drivers/sercom/sercom_interrupt.o
LOAD src/ASF/sam0/drivers/system/clock/clock_samd21_r21_da_ha1/clock.o
LOAD src/ASF/sam0/drivers/system/clock/clock_samd21_r21_da_ha1/gclk.o
LOAD src/ASF/sam0/drivers/system/interrupt/system_interrupt.o
LOAD src/ASF/sam0/drivers/system/pinmux/pinmux.o
LOAD src/ASF/sam0/drivers/system/system.o
LOAD src/ASF/sam0/utils/cmsis/samda1/source/gcc/startup_samda1.o
LOAD src/ASF/sam0/utils/cmsis/samda1/source/system_samda1.o
LOAD src/ASF/sam0/utils/syscalls/gcc/syscalls.o
LOAD src/qs_i2c_slave_callback.o
START GROUP
LOAD ../src/ASF/thirdparty/CMSIS/Lib/GCC\libarm_cortexM0l_math.a
LOAD c:/program files (x86)/atmel/studio/7.0/toolchain/arm/arm-gnu-toolchain/bin/../lib/gcc/arm-none-eabi/6.3.1/../../../../arm-none-eabi/lib/thumb/v6-m\libm.a
END GROUP
START GROUP
LOAD c:/program files (x86)/atmel/studio/7.0/toolchain/arm/arm-gnu-toolchain/bin/../lib/gcc/arm-none-eabi/6.3.1/thumb/v6-m\libgcc.a
LOAD c:/program files (x86)/atmel/studio/7.0/toolchain/arm/arm-gnu-toolchain/bin/../lib/gcc/arm-none-eabi/6.3.1/../../../../arm-none-eabi/lib/thumb/v6-m\libc_nano.a
END GROUP
START GROUP
LOAD c:/program files (x86)/atmel/studio/7.0/toolchain/arm/arm-gnu-toolchain/bin/../lib/gcc/arm-none-eabi/6.3.1/thumb/v6-m\libgcc.a
LOAD c:/program files (x86)/atmel/studio/7.0/toolchain/arm/arm-gnu-toolchain/bin/../lib/gcc/arm-none-eabi/6.3.1/../../../../arm-none-eabi/lib/thumb/v6-m\libc_nano.a
END GROUP
LOAD c:/program files (x86)/atmel/studio/7.0/toolchain/arm/arm-gnu-toolchain/bin/../lib/gcc/arm-none-eabi/6.3.1/thumb/v6-m/crtend.o
LOAD c:/program files (x86)/atmel/studio/7.0/toolchain/arm/arm-gnu-toolchain/bin/../lib/gcc/arm-none-eabi/6.3.1/thumb/v6-m/crtn.o
                0x00000800                STACK_SIZE = DEFINED (STACK_SIZE)?STACK_SIZE:DEFINED (__stack_size__)?__stack_size__:0x800

.text           0x00000000     0x1028
                0x00000000                . = ALIGN (0x4)
                0x00000000                _sfixed = .
 *(.vectors .vectors.*)
 .vectors       0x00000000       0xb4 src/ASF/sam0/utils/cmsis/samda1/source/gcc/startup_samda1.o
                0x00000000                exception_table
 *(.text .text.* .gnu.linkonce.t.*)
 .text          0x000000b4       0x60 c:/program files (x86)/atmel/studio/7.0/toolchain/arm/arm-gnu-toolchain/bin/../lib/gcc/arm-none-eabi/6.3.1/thumb/v6-m/crtbegin.o
 .text.cpu_irq_enter_critical
                0x00000114       0x40 src/ASF/common/utils/interrupt/interrupt_sam_nvic.o
                0x00000114                cpu_irq_enter_critical
 .text.cpu_irq_leave_critical
                0x00000154       0x30 src/ASF/common/utils/interrupt/interrupt_sam_nvic.o
                0x00000154                cpu_irq_leave_critical
 .text.system_board_init
                0x00000184       0x38 src/ASF/sam0/boards/samda1_xplained_pro/board_init.o
                0x00000184                board_init
                0x00000184                system_board_init
 .text.port_pin_set_config
                0x000001bc       0x24 src/ASF/sam0/drivers/port/port.o
                0x000001bc                port_pin_set_config
 .text.i2c_slave_init
                0x000001e0      0x190 src/ASF/sam0/drivers/sercom/i2c/i2c_sam0/i2c_slave.o
                0x000001e0                i2c_slave_init
 .text.i2c_slave_register_callback
                0x00000370       0x1a src/ASF/sam0/drivers/sercom/i2c/i2c_sam0/i2c_slave_interrupt.o
                0x00000370                i2c_slave_register_callback
 .text.i2c_slave_read_packet_job
                0x0000038a       0x28 src/ASF/sam0/drivers/sercom/i2c/i2c_sam0/i2c_slave_interrupt.o
                0x0000038a                i2c_slave_read_packet_job
 .text.i2c_slave_write_packet_job
                0x000003b2       0x28 src/ASF/sam0/drivers/sercom/i2c/i2c_sam0/i2c_slave_interrupt.o
                0x000003b2                i2c_slave_write_packet_job
 *fill*         0x000003da        0x2 
 .text._i2c_slave_interrupt_handler
                0x000003dc      0x280 src/ASF/sam0/drivers/sercom/i2c/i2c_sam0/i2c_slave_interrupt.o
                0x000003dc                _i2c_slave_interrupt_handler
 .text.sercom_set_gclk_generator
                0x0000065c       0x4c src/ASF/sam0/drivers/sercom/sercom.o
                0x0000065c                sercom_set_gclk_generator
 .text._sercom_get_default_pad
                0x000006a8      0x178 src/ASF/sam0/drivers/sercom/sercom.o
                0x000006a8                _sercom_get_default_pad
 .text._sercom_get_sercom_inst_index
                0x00000820       0x38 src/ASF/sam0/drivers/sercom/sercom.o
                0x00000820                _sercom_get_sercom_inst_index
 .text._sercom_default_handler
                0x00000858        0x2 src/ASF/sam0/drivers/sercom/sercom_interrupt.o
 *fill*         0x0000085a        0x2 
 .text._sercom_set_handler
                0x0000085c       0x3c src/ASF/sam0/drivers/sercom/sercom_interrupt.o
                0x0000085c                _sercom_set_handler
 .text._sercom_get_interrupt_vector
                0x00000898       0x30 src/ASF/sam0/drivers/sercom/sercom_interrupt.o
                0x00000898                _sercom_get_interrupt_vector
 .text.SERCOM0_Handler
                0x000008c8       0x10 src/ASF/sam0/drivers/sercom/sercom_interrupt.o
                0x000008c8                SERCOM0_Handler
 .text.SERCOM1_Handler
                0x000008d8       0x10 src/ASF/sam0/drivers/sercom/sercom_interrupt.o
                0x000008d8                SERCOM1_Handler
 .text.SERCOM2_Handler
                0x000008e8       0x10 src/ASF/sam0/drivers/sercom/sercom_interrupt.o
                0x000008e8                SERCOM2_Handler
 .text.SERCOM3_Handler
                0x000008f8       0x10 src/ASF/sam0/drivers/sercom/sercom_interrupt.o
                0x000008f8                SERCOM3_Handler
 .text.SERCOM4_Handler
                0x00000908       0x10 src/ASF/sam0/drivers/sercom/sercom_interrupt.o
                0x00000908                SERCOM4_Handler
 .text.SERCOM5_Handler
                0x00000918       0x10 src/ASF/sam0/drivers/sercom/sercom_interrupt.o
                0x00000918                SERCOM5_Handler
 .text.system_clock_source_osc8m_set_config
                0x00000928       0x3c src/ASF/sam0/drivers/system/clock/clock_samd21_r21_da_ha1/clock.o
                0x00000928                system_clock_source_osc8m_set_config
 .text.system_clock_source_enable
                0x00000964       0xa8 src/ASF/sam0/drivers/system/clock/clock_samd21_r21_da_ha1/clock.o
                0x00000964                system_clock_source_enable
 .text.system_clock_init
                0x00000a0c       0x98 src/ASF/sam0/drivers/system/clock/clock_samd21_r21_da_ha1/clock.o
                0x00000a0c                system_clock_init
 .text.system_gclk_init
                0x00000aa4       0x24 src/ASF/sam0/drivers/system/clock/clock_samd21_r21_da_ha1/gclk.o
                0x00000aa4                system_gclk_init
 .text.system_gclk_gen_set_config
                0x00000ac8       0xb8 src/ASF/sam0/drivers/system/clock/clock_samd21_r21_da_ha1/gclk.o
                0x00000ac8                system_gclk_gen_set_config
 .text.system_gclk_gen_enable
                0x00000b80       0x44 src/ASF/sam0/drivers/system/clock/clock_samd21_r21_da_ha1/gclk.o
                0x00000b80                system_gclk_gen_enable
 .text.system_gclk_chan_enable
                0x00000bc4       0x30 src/ASF/sam0/drivers/system/clock/clock_samd21_r21_da_ha1/gclk.o
                0x00000bc4                system_gclk_chan_enable
 .text.system_gclk_chan_disable
                0x00000bf4       0x5c src/ASF/sam0/drivers/system/clock/clock_samd21_r21_da_ha1/gclk.o
                0x00000bf4                system_gclk_chan_disable
 .text.system_gclk_chan_set_config
                0x00000c50       0x1c src/ASF/sam0/drivers/system/clock/clock_samd21_r21_da_ha1/gclk.o
                0x00000c50                system_gclk_chan_set_config
 .text._system_pinmux_config
                0x00000c6c       0xa8 src/ASF/sam0/drivers/system/pinmux/pinmux.o
 .text.system_pinmux_pin_set_config
                0x00000d14       0x30 src/ASF/sam0/drivers/system/pinmux/pinmux.o
                0x00000d14                system_pinmux_pin_set_config
 .text._system_dummy_init
                0x00000d44        0x2 src/ASF/sam0/drivers/system/system.o
                0x00000d44                _system_extint_init
                0x00000d44                _system_events_init
                0x00000d44                _system_dummy_init
                0x00000d44                _system_divas_init
 *fill*         0x00000d46        0x2 
 .text.system_init
                0x00000d48       0x2c src/ASF/sam0/drivers/system/system.o
                0x00000d48                system_init
 .text.Dummy_Handler
                0x00000d74        0x2 src/ASF/sam0/utils/cmsis/samda1/source/gcc/startup_samda1.o
                0x00000d74                DMAC_Handler
                0x00000d74                HardFault_Handler
                0x00000d74                AC_Handler
                0x00000d74                SysTick_Handler
                0x00000d74                PendSV_Handler
                0x00000d74                NMI_Handler
                0x00000d74                TC7_Handler
                0x00000d74                ADC_Handler
                0x00000d74                TCC1_Handler
                0x00000d74                TCC0_Handler
                0x00000d74                RTC_Handler
                0x00000d74                EIC_Handler
                0x00000d74                TC6_Handler
                0x00000d74                WDT_Handler
                0x00000d74                TC4_Handler
                0x00000d74                USB_Handler
                0x00000d74                TC3_Handler
                0x00000d74                Dummy_Handler
                0x00000d74                PM_Handler
                0x00000d74                SVC_Handler
                0x00000d74                TCC2_Handler
                0x00000d74                EVSYS_Handler
                0x00000d74                I2S_Handler
                0x00000d74                NVMCTRL_Handler
                0x00000d74                DAC_Handler
                0x00000d74                PTC_Handler
                0x00000d74                TC5_Handler
                0x00000d74                SYSCTRL_Handler
 *fill*         0x00000d76        0x2 
 .text.Reset_Handler
                0x00000d78       0xe4 src/ASF/sam0/utils/cmsis/samda1/source/gcc/startup_samda1.o
                0x00000d78                Reset_Handler
 .text.i2c_read_request_callback
                0x00000e5c       0x20 src/qs_i2c_slave_callback.o
                0x00000e5c                i2c_read_request_callback
 .text.i2c_write_request_callback
                0x00000e7c       0x20 src/qs_i2c_slave_callback.o
                0x00000e7c                i2c_write_request_callback
 .text.configure_i2c_slave
                0x00000e9c       0x88 src/qs_i2c_slave_callback.o
                0x00000e9c                configure_i2c_slave
 .text.configure_i2c_slave_callbacks
                0x00000f24       0x44 src/qs_i2c_slave_callback.o
                0x00000f24                configure_i2c_slave_callbacks
 .text.main     0x00000f68       0x1c src/qs_i2c_slave_callback.o
                0x00000f68                main
 .text.__libc_init_array
                0x00000f84       0x48 c:/program files (x86)/atmel/studio/7.0/toolchain/arm/arm-gnu-toolchain/bin/../lib/gcc/arm-none-eabi/6.3.1/../../../../arm-none-eabi/lib/thumb/v6-m\libc_nano.a(lib_a-init.o)
                0x00000f84                __libc_init_array
 *(.glue_7t)
 .glue_7t       0x00000fcc        0x0 linker stubs
 *(.glue_7)
 .glue_7        0x00000fcc        0x0 linker stubs
 *(.rodata .rodata* .gnu.linkonce.r.*)
 .rodata        0x00000fcc       0x18 src/ASF/sam0/drivers/sercom/sercom.o
 .rodata.system_clock_source_enable
                0x00000fe4       0x24 src/ASF/sam0/drivers/system/clock/clock_samd21_r21_da_ha1/clock.o
 *(.ARM.extab* .gnu.linkonce.armextab.*)
                0x00001008                . = ALIGN (0x4)
 *(.init)
 .init          0x00001008        0x4 c:/program files (x86)/atmel/studio/7.0/toolchain/arm/arm-gnu-toolchain/bin/../lib/gcc/arm-none-eabi/6.3.1/thumb/v6-m/crti.o
                0x00001008                _init
 .init          0x0000100c        0x8 c:/program files (x86)/atmel/studio/7.0/toolchain/arm/arm-gnu-toolchain/bin/../lib/gcc/arm-none-eabi/6.3.1/thumb/v6-m/crtn.o
                0x00001014                . = ALIGN (0x4)
                0x00001014                __preinit_array_start = .
 *(.preinit_array)
                0x00001014                __preinit_array_end = .
                0x00001014                . = ALIGN (0x4)
                0x00001014                __init_array_start = .
 *(SORT(.init_array.*))
 *(.init_array)
 .init_array    0x00001014        0x4 c:/program files (x86)/atmel/studio/7.0/toolchain/arm/arm-gnu-toolchain/bin/../lib/gcc/arm-none-eabi/6.3.1/thumb/v6-m/crtbegin.o
                0x00001018                __init_array_end = .
                0x00001018                . = ALIGN (0x4)
 *crtbegin.o(.ctors)
 *(EXCLUDE_FILE(*crtend.o) .ctors)
 *(SORT(.ctors.*))
 *crtend.o(.ctors)
                0x00001018                . = ALIGN (0x4)
 *(.fini)
 .fini          0x00001018        0x4 c:/program files (x86)/atmel/studio/7.0/toolchain/arm/arm-gnu-toolchain/bin/../lib/gcc/arm-none-eabi/6.3.1/thumb/v6-m/crti.o
                0x00001018                _fini
 .fini          0x0000101c        0x8 c:/program files (x86)/atmel/studio/7.0/toolchain/arm/arm-gnu-toolchain/bin/../lib/gcc/arm-none-eabi/6.3.1/thumb/v6-m/crtn.o
                0x00001024                . = ALIGN (0x4)
                0x00001024                __fini_array_start = .
 *(.fini_array)
 .fini_array    0x00001024        0x4 c:/program files (x86)/atmel/studio/7.0/toolchain/arm/arm-gnu-toolchain/bin/../lib/gcc/arm-none-eabi/6.3.1/thumb/v6-m/crtbegin.o
 *(SORT(.fini_array.*))
                0x00001028                __fini_array_end = .
 *crtbegin.o(.dtors)
 *(EXCLUDE_FILE(*crtend.o) .dtors)
 *(SORT(.dtors.*))
 *crtend.o(.dtors)
                0x00001028                . = ALIGN (0x4)
                0x00001028                _efixed = .
                [!provide]                PROVIDE (__exidx_start, .)

.vfp11_veneer   0x00001028        0x0
 .vfp11_veneer  0x00001028        0x0 linker stubs

.v4_bx          0x00001028        0x0
 .v4_bx         0x00001028        0x0 linker stubs

.iplt           0x00001028        0x0
 .iplt          0x00001028        0x0 c:/program files (x86)/atmel/studio/7.0/toolchain/arm/arm-gnu-toolchain/bin/../lib/gcc/arm-none-eabi/6.3.1/thumb/v6-m/crtbegin.o

.eh_frame       0x00001028        0x0
 .eh_frame      0x00001028        0x0 c:/program files (x86)/atmel/studio/7.0/toolchain/arm/arm-gnu-toolchain/bin/../lib/gcc/arm-none-eabi/6.3.1/thumb/v6-m/crtbegin.o

.rel.dyn        0x00001028        0x0
 .rel.iplt      0x00001028        0x0 c:/program files (x86)/atmel/studio/7.0/toolchain/arm/arm-gnu-toolchain/bin/../lib/gcc/arm-none-eabi/6.3.1/thumb/v6-m/crtbegin.o

.jcr            0x00001028        0x0
 .jcr           0x00001028        0x0 c:/program files (x86)/atmel/studio/7.0/toolchain/arm/arm-gnu-toolchain/bin/../lib/gcc/arm-none-eabi/6.3.1/thumb/v6-m/crtbegin.o

.igot.plt       0x00001028        0x0
 .igot.plt      0x00001028        0x0 c:/program files (x86)/atmel/studio/7.0/toolchain/arm/arm-gnu-toolchain/bin/../lib/gcc/arm-none-eabi/6.3.1/thumb/v6-m/crtbegin.o

.ARM.exidx
 *(.ARM.exidx* .gnu.linkonce.armexidx.*)
                [!provide]                PROVIDE (__exidx_end, .)
                0x00001028                . = ALIGN (0x4)
                0x00001028                _etext = .

.relocate       0x20000000       0x10 load address 0x00001028
                0x20000000                . = ALIGN (0x4)
                0x20000000                _srelocate = .
 *(.ramfunc .ramfunc.*)
 *(.data .data.*)
 .data.g_interrupt_enabled
                0x20000000        0x1 src/ASF/common/utils/interrupt/interrupt_sam_nvic.o
                0x20000000                g_interrupt_enabled
 *fill*         0x20000001        0x3 
 .data.write_buffer
                0x20000004        0xa src/qs_i2c_slave_callback.o
                0x20000010                . = ALIGN (0x4)
 *fill*         0x2000000e        0x2 
                0x20000010                _erelocate = .

.bss            0x20000010       0xb8 load address 0x00001038
                0x20000010                . = ALIGN (0x4)
                0x20000010                _sbss = .
                0x20000010                _szero = .
 *(.bss .bss.*)
 .bss           0x20000010       0x1c c:/program files (x86)/atmel/studio/7.0/toolchain/arm/arm-gnu-toolchain/bin/../lib/gcc/arm-none-eabi/6.3.1/thumb/v6-m/crtbegin.o
 .bss.cpu_irq_critical_section_counter
                0x2000002c        0x4 src/ASF/common/utils/interrupt/interrupt_sam_nvic.o
 .bss.cpu_irq_prev_interrupt_state
                0x20000030        0x1 src/ASF/common/utils/interrupt/interrupt_sam_nvic.o
 *fill*         0x20000031        0x3 
 .bss._sercom_config
                0x20000034        0x2 src/ASF/sam0/drivers/sercom/sercom.o
 .bss._handler_table_initialized
                0x20000036        0x1 src/ASF/sam0/drivers/sercom/sercom_interrupt.o
 *fill*         0x20000037        0x1 
 .bss._sercom_interrupt_handlers
                0x20000038       0x18 src/ASF/sam0/drivers/sercom/sercom_interrupt.o
 .bss._system_clock_inst
                0x20000050       0x18 src/ASF/sam0/drivers/system/clock/clock_samd21_r21_da_ha1/clock.o
 .bss.packet    0x20000068        0x8 src/qs_i2c_slave_callback.o
 .bss.read_buffer
                0x20000070        0xa src/qs_i2c_slave_callback.o
 *(COMMON)
 *fill*         0x2000007a        0x2 
 COMMON         0x2000007c       0x18 src/ASF/sam0/drivers/sercom/sercom_interrupt.o
                0x2000007c                _sercom_instances
 COMMON         0x20000094       0x34 src/qs_i2c_slave_callback.o
                0x20000094                i2c_slave_instance
                0x200000c8                . = ALIGN (0x4)
                0x200000c8                _ebss = .
                0x200000c8                _ezero = .

.stack          0x200000c8      0x800 load address 0x000010f0
                0x200000c8                . = ALIGN (0x8)
                0x200000c8                _sstack = .
                0x200008c8                . = (. + STACK_SIZE)
 *fill*         0x200000c8      0x800 
                0x200008c8                . = ALIGN (0x8)
                0x200008c8                _estack = .
                0x200008c8                . = ALIGN (0x4)
                0x200008c8                _end = .
OUTPUT(I2C_QUICK_START_SLAVE_INTERRUPT1.elf elf32-littlearm)

.ARM.attributes
                0x00000000       0x28
 .ARM.attributes
                0x00000000       0x1e c:/program files (x86)/atmel/studio/7.0/toolchain/arm/arm-gnu-toolchain/bin/../lib/gcc/arm-none-eabi/6.3.1/thumb/v6-m/crti.o
 .ARM.attributes
                0x0000001e       0x2c c:/program files (x86)/atmel/studio/7.0/toolchain/arm/arm-gnu-toolchain/bin/../lib/gcc/arm-none-eabi/6.3.1/thumb/v6-m/crtbegin.o
 .ARM.attributes
                0x0000004a       0x32 src/ASF/common/utils/interrupt/interrupt_sam_nvic.o
 .ARM.attributes
                0x0000007c       0x32 src/ASF/sam0/boards/samda1_xplained_pro/board_init.o
 .ARM.attributes
                0x000000ae       0x32 src/ASF/sam0/drivers/port/port.o
 .ARM.attributes
                0x000000e0       0x32 src/ASF/sam0/drivers/sercom/i2c/i2c_sam0/i2c_slave.o
 .ARM.attributes
                0x00000112       0x32 src/ASF/sam0/drivers/sercom/i2c/i2c_sam0/i2c_slave_interrupt.o
 .ARM.attributes
                0x00000144       0x32 src/ASF/sam0/drivers/sercom/sercom.o
 .ARM.attributes
                0x00000176       0x32 src/ASF/sam0/drivers/sercom/sercom_interrupt.o
 .ARM.attributes
                0x000001a8       0x32 src/ASF/sam0/drivers/system/clock/clock_samd21_r21_da_ha1/clock.o
 .ARM.attributes
                0x000001da       0x32 src/ASF/sam0/drivers/system/clock/clock_samd21_r21_da_ha1/gclk.o
 .ARM.attributes
                0x0000020c       0x32 src/ASF/sam0/drivers/system/pinmux/pinmux.o
 .ARM.attributes
                0x0000023e       0x32 src/ASF/sam0/drivers/system/system.o
 .ARM.attributes
                0x00000270       0x32 src/ASF/sam0/utils/cmsis/samda1/source/gcc/startup_samda1.o
 .ARM.attributes
                0x000002a2       0x32 src/qs_i2c_slave_callback.o
 .ARM.attributes
                0x000002d4       0x2c c:/program files (x86)/atmel/studio/7.0/toolchain/arm/arm-gnu-toolchain/bin/../lib/gcc/arm-none-eabi/6.3.1/../../../../arm-none-eabi/lib/thumb/v6-m\libc_nano.a(lib_a-init.o)
 .ARM.attributes
                0x00000300       0x1e c:/program files (x86)/atmel/studio/7.0/toolchain/arm/arm-gnu-toolchain/bin/../lib/gcc/arm-none-eabi/6.3.1/thumb/v6-m/crtn.o

.comment        0x00000000       0x59
 .comment       0x00000000       0x59 src/ASF/common/utils/interrupt/interrupt_sam_nvic.o
                                 0x5a (size before relaxing)
 .comment       0x00000059       0x5a src/ASF/sam0/boards/samda1_xplained_pro/board_init.o
 .comment       0x00000059       0x5a src/ASF/sam0/drivers/port/port.o
 .comment       0x00000059       0x5a src/ASF/sam0/drivers/sercom/i2c/i2c_sam0/i2c_slave.o
 .comment       0x00000059       0x5a src/ASF/sam0/drivers/sercom/i2c/i2c_sam0/i2c_slave_interrupt.o
 .comment       0x00000059       0x5a src/ASF/sam0/drivers/sercom/sercom.o
 .comment       0x00000059       0x5a src/ASF/sam0/drivers/sercom/sercom_interrupt.o
 .comment       0x00000059       0x5a src/ASF/sam0/drivers/system/clock/clock_samd21_r21_da_ha1/clock.o
 .comment       0x00000059       0x5a src/ASF/sam0/drivers/system/clock/clock_samd21_r21_da_ha1/gclk.o
 .comment       0x00000059       0x5a src/ASF/sam0/drivers/system/pinmux/pinmux.o
 .comment       0x00000059       0x5a src/ASF/sam0/drivers/system/system.o
 .comment       0x00000059       0x5a src/ASF/sam0/utils/cmsis/samda1/source/gcc/startup_samda1.o
 .comment       0x00000059       0x5a src/qs_i2c_slave_callback.o

.debug_info     0x00000000    0x1e7fa
 .debug_info    0x00000000      0xb05 src/ASF/common/utils/interrupt/interrupt_sam_nvic.o
 .debug_info    0x00000b05     0x12ad src/ASF/sam0/boards/samda1_xplained_pro/board_init.o
 .debug_info    0x00001db2     0x12b6 src/ASF/sam0/drivers/port/port.o
 .debug_info    0x00003068     0x4a48 src/ASF/sam0/drivers/sercom/i2c/i2c_sam0/i2c_slave.o
 .debug_info    0x00007ab0     0x317b src/ASF/sam0/drivers/sercom/i2c/i2c_sam0/i2c_slave_interrupt.o
 .debug_info    0x0000ac2b     0x2ddf src/ASF/sam0/drivers/sercom/sercom.o
 .debug_info    0x0000da0a     0x2be7 src/ASF/sam0/drivers/sercom/sercom_interrupt.o
 .debug_info    0x000105f1     0x37bc src/ASF/sam0/drivers/system/clock/clock_samd21_r21_da_ha1/clock.o
 .debug_info    0x00013dad     0x1ed9 src/ASF/sam0/drivers/system/clock/clock_samd21_r21_da_ha1/gclk.o
 .debug_info    0x00015c86     0x1374 src/ASF/sam0/drivers/system/pinmux/pinmux.o
 .debug_info    0x00016ffa      0xa73 src/ASF/sam0/drivers/system/system.o
 .debug_info    0x00017a6d     0x3a3f src/ASF/sam0/utils/cmsis/samda1/source/gcc/startup_samda1.o
 .debug_info    0x0001b4ac     0x334e src/qs_i2c_slave_callback.o

.debug_abbrev   0x00000000     0x2a1a
 .debug_abbrev  0x00000000      0x23b src/ASF/common/utils/interrupt/interrupt_sam_nvic.o
 .debug_abbrev  0x0000023b      0x2dc src/ASF/sam0/boards/samda1_xplained_pro/board_init.o
 .debug_abbrev  0x00000517      0x298 src/ASF/sam0/drivers/port/port.o
 .debug_abbrev  0x000007af      0x500 src/ASF/sam0/drivers/sercom/i2c/i2c_sam0/i2c_slave.o
 .debug_abbrev  0x00000caf      0x3b4 src/ASF/sam0/drivers/sercom/i2c/i2c_sam0/i2c_slave_interrupt.o
 .debug_abbrev  0x00001063      0x378 src/ASF/sam0/drivers/sercom/sercom.o
 .debug_abbrev  0x000013db      0x2d8 src/ASF/sam0/drivers/sercom/sercom_interrupt.o
 .debug_abbrev  0x000016b3      0x465 src/ASF/sam0/drivers/system/clock/clock_samd21_r21_da_ha1/clock.o
 .debug_abbrev  0x00001b18      0x40d src/ASF/sam0/drivers/system/clock/clock_samd21_r21_da_ha1/gclk.o
 .debug_abbrev  0x00001f25      0x332 src/ASF/sam0/drivers/system/pinmux/pinmux.o
 .debug_abbrev  0x00002257      0x1e1 src/ASF/sam0/drivers/system/system.o
 .debug_abbrev  0x00002438      0x234 src/ASF/sam0/utils/cmsis/samda1/source/gcc/startup_samda1.o
 .debug_abbrev  0x0000266c      0x3ae src/qs_i2c_slave_callback.o

.debug_aranges  0x00000000      0x388
 .debug_aranges
                0x00000000       0x28 src/ASF/common/utils/interrupt/interrupt_sam_nvic.o
 .debug_aranges
                0x00000028       0x20 src/ASF/sam0/boards/samda1_xplained_pro/board_init.o
 .debug_aranges
                0x00000048       0x28 src/ASF/sam0/drivers/port/port.o
 .debug_aranges
                0x00000070       0x60 src/ASF/sam0/drivers/sercom/i2c/i2c_sam0/i2c_slave.o
 .debug_aranges
                0x000000d0       0x50 src/ASF/sam0/drivers/sercom/i2c/i2c_sam0/i2c_slave_interrupt.o
 .debug_aranges
                0x00000120       0x48 src/ASF/sam0/drivers/sercom/sercom.o
 .debug_aranges
                0x00000168       0x60 src/ASF/sam0/drivers/sercom/sercom_interrupt.o
 .debug_aranges
                0x000001c8       0x78 src/ASF/sam0/drivers/system/clock/clock_samd21_r21_da_ha1/clock.o
 .debug_aranges
                0x00000240       0x80 src/ASF/sam0/drivers/system/clock/clock_samd21_r21_da_ha1/gclk.o
 .debug_aranges
                0x000002c0       0x38 src/ASF/sam0/drivers/system/pinmux/pinmux.o
 .debug_aranges
                0x000002f8       0x28 src/ASF/sam0/drivers/system/system.o
 .debug_aranges
                0x00000320       0x28 src/ASF/sam0/utils/cmsis/samda1/source/gcc/startup_samda1.o
 .debug_aranges
                0x00000348       0x40 src/qs_i2c_slave_callback.o

.debug_ranges   0x00000000      0x318
 .debug_ranges  0x00000000       0x18 src/ASF/common/utils/interrupt/interrupt_sam_nvic.o
 .debug_ranges  0x00000018       0x10 src/ASF/sam0/boards/samda1_xplained_pro/board_init.o
 .debug_ranges  0x00000028       0x18 src/ASF/sam0/drivers/port/port.o
 .debug_ranges  0x00000040       0x80 src/ASF/sam0/drivers/sercom/i2c/i2c_sam0/i2c_slave.o
 .debug_ranges  0x000000c0       0x40 src/ASF/sam0/drivers/sercom/i2c/i2c_sam0/i2c_slave_interrupt.o
 .debug_ranges  0x00000100       0x50 src/ASF/sam0/drivers/sercom/sercom.o
 .debug_ranges  0x00000150       0x50 src/ASF/sam0/drivers/sercom/sercom_interrupt.o
 .debug_ranges  0x000001a0       0x68 src/ASF/sam0/drivers/system/clock/clock_samd21_r21_da_ha1/clock.o
 .debug_ranges  0x00000208       0x88 src/ASF/sam0/drivers/system/clock/clock_samd21_r21_da_ha1/gclk.o
 .debug_ranges  0x00000290       0x28 src/ASF/sam0/drivers/system/pinmux/pinmux.o
 .debug_ranges  0x000002b8       0x18 src/ASF/sam0/drivers/system/system.o
 .debug_ranges  0x000002d0       0x18 src/ASF/sam0/utils/cmsis/samda1/source/gcc/startup_samda1.o
 .debug_ranges  0x000002e8       0x30 src/qs_i2c_slave_callback.o

.debug_macro    0x00000000    0x193eb
 .debug_macro   0x00000000      0x51f src/ASF/common/utils/interrupt/interrupt_sam_nvic.o
 .debug_macro   0x0000051f      0x8b6 src/ASF/common/utils/interrupt/interrupt_sam_nvic.o
 .debug_macro   0x00000dd5      0x16d src/ASF/common/utils/interrupt/interrupt_sam_nvic.o
 .debug_macro   0x00000f42      0x71d src/ASF/common/utils/interrupt/interrupt_sam_nvic.o
 .debug_macro   0x0000165f       0x22 src/ASF/common/utils/interrupt/interrupt_sam_nvic.o
 .debug_macro   0x00001681       0x87 src/ASF/common/utils/interrupt/interrupt_sam_nvic.o
 .debug_macro   0x00001708       0x51 src/ASF/common/utils/interrupt/interrupt_sam_nvic.o
 .debug_macro   0x00001759       0xef src/ASF/common/utils/interrupt/interrupt_sam_nvic.o
 .debug_macro   0x00001848       0x6a src/ASF/common/utils/interrupt/interrupt_sam_nvic.o
 .debug_macro   0x000018b2      0x1df src/ASF/common/utils/interrupt/interrupt_sam_nvic.o
 .debug_macro   0x00001a91       0x10 src/ASF/common/utils/interrupt/interrupt_sam_nvic.o
 .debug_macro   0x00001aa1       0x76 src/ASF/common/utils/interrupt/interrupt_sam_nvic.o
 .debug_macro   0x00001b17       0x16 src/ASF/common/utils/interrupt/interrupt_sam_nvic.o
 .debug_macro   0x00001b2d      0x6db src/ASF/common/utils/interrupt/interrupt_sam_nvic.o
 .debug_macro   0x00002208      0xdd8 src/ASF/common/utils/interrupt/interrupt_sam_nvic.o
 .debug_macro   0x00002fe0       0x22 src/ASF/common/utils/interrupt/interrupt_sam_nvic.o
 .debug_macro   0x00003002       0x40 src/ASF/common/utils/interrupt/interrupt_sam_nvic.o
 .debug_macro   0x00003042       0x1c src/ASF/common/utils/interrupt/interrupt_sam_nvic.o
 .debug_macro   0x0000305e       0x22 src/ASF/common/utils/interrupt/interrupt_sam_nvic.o
 .debug_macro   0x00003080       0xb5 src/ASF/common/utils/interrupt/interrupt_sam_nvic.o
 .debug_macro   0x00003135      0x3ad src/ASF/common/utils/interrupt/interrupt_sam_nvic.o
 .debug_macro   0x000034e2      0x681 src/ASF/common/utils/interrupt/interrupt_sam_nvic.o
 .debug_macro   0x00003b63      0x8b5 src/ASF/common/utils/interrupt/interrupt_sam_nvic.o
 .debug_macro   0x00004418      0x230 src/ASF/common/utils/interrupt/interrupt_sam_nvic.o
 .debug_macro   0x00004648      0xd59 src/ASF/common/utils/interrupt/interrupt_sam_nvic.o
 .debug_macro   0x000053a1      0x4cb src/ASF/common/utils/interrupt/interrupt_sam_nvic.o
 .debug_macro   0x0000586c      0x9f8 src/ASF/common/utils/interrupt/interrupt_sam_nvic.o
 .debug_macro   0x00006264      0x82b src/ASF/common/utils/interrupt/interrupt_sam_nvic.o
 .debug_macro   0x00006a8f      0x455 src/ASF/common/utils/interrupt/interrupt_sam_nvic.o
 .debug_macro   0x00006ee4       0x5e src/ASF/common/utils/interrupt/interrupt_sam_nvic.o
 .debug_macro   0x00006f42      0x8fd src/ASF/common/utils/interrupt/interrupt_sam_nvic.o
 .debug_macro   0x0000783f      0x21c src/ASF/common/utils/interrupt/interrupt_sam_nvic.o
 .debug_macro   0x00007a5b      0x7da src/ASF/common/utils/interrupt/interrupt_sam_nvic.o
 .debug_macro   0x00008235       0x5e src/ASF/common/utils/interrupt/interrupt_sam_nvic.o
 .debug_macro   0x00008293      0x675 src/ASF/common/utils/interrupt/interrupt_sam_nvic.o
 .debug_macro   0x00008908      0x3b6 src/ASF/common/utils/interrupt/interrupt_sam_nvic.o
 .debug_macro   0x00008cbe      0xc50 src/ASF/common/utils/interrupt/interrupt_sam_nvic.o
 .debug_macro   0x0000990e     0x1092 src/ASF/common/utils/interrupt/interrupt_sam_nvic.o
 .debug_macro   0x0000a9a0      0xc4a src/ASF/common/utils/interrupt/interrupt_sam_nvic.o
 .debug_macro   0x0000b5ea      0x6ba src/ASF/common/utils/interrupt/interrupt_sam_nvic.o
 .debug_macro   0x0000bca4     0x1b41 src/ASF/common/utils/interrupt/interrupt_sam_nvic.o
 .debug_macro   0x0000d7e5     0x1440 src/ASF/common/utils/interrupt/interrupt_sam_nvic.o
 .debug_macro   0x0000ec25      0x344 src/ASF/common/utils/interrupt/interrupt_sam_nvic.o
 .debug_macro   0x0000ef69       0x7c src/ASF/common/utils/interrupt/interrupt_sam_nvic.o
 .debug_macro   0x0000efe5       0xa0 src/ASF/common/utils/interrupt/interrupt_sam_nvic.o
 .debug_macro   0x0000f085       0x4c src/ASF/common/utils/interrupt/interrupt_sam_nvic.o
 .debug_macro   0x0000f0d1       0xca src/ASF/common/utils/interrupt/interrupt_sam_nvic.o
 .debug_macro   0x0000f19b       0x94 src/ASF/common/utils/interrupt/interrupt_sam_nvic.o
 .debug_macro   0x0000f22f       0x58 src/ASF/common/utils/interrupt/interrupt_sam_nvic.o
 .debug_macro   0x0000f287      0x37d src/ASF/common/utils/interrupt/interrupt_sam_nvic.o
 .debug_macro   0x0000f604       0x82 src/ASF/common/utils/interrupt/interrupt_sam_nvic.o
 .debug_macro   0x0000f686      0x18d src/ASF/common/utils/interrupt/interrupt_sam_nvic.o
 .debug_macro   0x0000f813       0xb8 src/ASF/common/utils/interrupt/interrupt_sam_nvic.o
 .debug_macro   0x0000f8cb       0xa0 src/ASF/common/utils/interrupt/interrupt_sam_nvic.o
 .debug_macro   0x0000f96b       0xbe src/ASF/common/utils/interrupt/interrupt_sam_nvic.o
 .debug_macro   0x0000fa29       0x1c src/ASF/common/utils/interrupt/interrupt_sam_nvic.o
 .debug_macro   0x0000fa45       0x1c src/ASF/common/utils/interrupt/interrupt_sam_nvic.o
 .debug_macro   0x0000fa61       0x1c src/ASF/common/utils/interrupt/interrupt_sam_nvic.o
 .debug_macro   0x0000fa7d       0x82 src/ASF/common/utils/interrupt/interrupt_sam_nvic.o
 .debug_macro   0x0000faff      0x15a src/ASF/common/utils/interrupt/interrupt_sam_nvic.o
 .debug_macro   0x0000fc59       0xdc src/ASF/common/utils/interrupt/interrupt_sam_nvic.o
 .debug_macro   0x0000fd35      0x128 src/ASF/common/utils/interrupt/interrupt_sam_nvic.o
 .debug_macro   0x0000fe5d      0x128 src/ASF/common/utils/interrupt/interrupt_sam_nvic.o
 .debug_macro   0x0000ff85      0x128 src/ASF/common/utils/interrupt/interrupt_sam_nvic.o
 .debug_macro   0x000100ad      0x128 src/ASF/common/utils/interrupt/interrupt_sam_nvic.o
 .debug_macro   0x000101d5      0x128 src/ASF/common/utils/interrupt/interrupt_sam_nvic.o
 .debug_macro   0x000102fd      0x128 src/ASF/common/utils/interrupt/interrupt_sam_nvic.o
 .debug_macro   0x00010425      0x11e src/ASF/common/utils/interrupt/interrupt_sam_nvic.o
 .debug_macro   0x00010543       0xe2 src/ASF/common/utils/interrupt/interrupt_sam_nvic.o
 .debug_macro   0x00010625       0xe2 src/ASF/common/utils/interrupt/interrupt_sam_nvic.o
 .debug_macro   0x00010707       0xe2 src/ASF/common/utils/interrupt/interrupt_sam_nvic.o
 .debug_macro   0x000107e9       0xe2 src/ASF/common/utils/interrupt/interrupt_sam_nvic.o
 .debug_macro   0x000108cb       0xe2 src/ASF/common/utils/interrupt/interrupt_sam_nvic.o
 .debug_macro   0x000109ad      0x130 src/ASF/common/utils/interrupt/interrupt_sam_nvic.o
 .debug_macro   0x00010add      0x106 src/ASF/common/utils/interrupt/interrupt_sam_nvic.o
 .debug_macro   0x00010be3       0xfa src/ASF/common/utils/interrupt/interrupt_sam_nvic.o
 .debug_macro   0x00010cdd      0x40f src/ASF/common/utils/interrupt/interrupt_sam_nvic.o
 .debug_macro   0x000110ec       0x40 src/ASF/common/utils/interrupt/interrupt_sam_nvic.o
 .debug_macro   0x0001112c      0x37d src/ASF/common/utils/interrupt/interrupt_sam_nvic.o
 .debug_macro   0x000114a9     0x1e4f src/ASF/common/utils/interrupt/interrupt_sam_nvic.o
 .debug_macro   0x000132f8       0x7b src/ASF/common/utils/interrupt/interrupt_sam_nvic.o
 .debug_macro   0x00013373       0x58 src/ASF/common/utils/interrupt/interrupt_sam_nvic.o
 .debug_macro   0x000133cb       0x35 src/ASF/common/utils/interrupt/interrupt_sam_nvic.o
 .debug_macro   0x00013400       0x9c src/ASF/common/utils/interrupt/interrupt_sam_nvic.o
 .debug_macro   0x0001349c       0x16 src/ASF/common/utils/interrupt/interrupt_sam_nvic.o
 .debug_macro   0x000134b2       0x35 src/ASF/common/utils/interrupt/interrupt_sam_nvic.o
 .debug_macro   0x000134e7      0x34d src/ASF/common/utils/interrupt/interrupt_sam_nvic.o
 .debug_macro   0x00013834       0x10 src/ASF/common/utils/interrupt/interrupt_sam_nvic.o
 .debug_macro   0x00013844       0x58 src/ASF/common/utils/interrupt/interrupt_sam_nvic.o
 .debug_macro   0x0001389c       0x1f src/ASF/common/utils/interrupt/interrupt_sam_nvic.o
 .debug_macro   0x000138bb       0x43 src/ASF/common/utils/interrupt/interrupt_sam_nvic.o
 .debug_macro   0x000138fe       0x20 src/ASF/common/utils/interrupt/interrupt_sam_nvic.o
 .debug_macro   0x0001391e      0x187 src/ASF/common/utils/interrupt/interrupt_sam_nvic.o
 .debug_macro   0x00013aa5       0x10 src/ASF/common/utils/interrupt/interrupt_sam_nvic.o
 .debug_macro   0x00013ab5       0x1c src/ASF/common/utils/interrupt/interrupt_sam_nvic.o
 .debug_macro   0x00013ad1       0x52 src/ASF/common/utils/interrupt/interrupt_sam_nvic.o
 .debug_macro   0x00013b23       0x40 src/ASF/common/utils/interrupt/interrupt_sam_nvic.o
 .debug_macro   0x00013b63       0x10 src/ASF/common/utils/interrupt/interrupt_sam_nvic.o
 .debug_macro   0x00013b73       0x40 src/ASF/common/utils/interrupt/interrupt_sam_nvic.o
 .debug_macro   0x00013bb3       0xd7 src/ASF/common/utils/interrupt/interrupt_sam_nvic.o
 .debug_macro   0x00013c8a       0x16 src/ASF/common/utils/interrupt/interrupt_sam_nvic.o
 .debug_macro   0x00013ca0      0x18b src/ASF/common/utils/interrupt/interrupt_sam_nvic.o
 .debug_macro   0x00013e2b       0x16 src/ASF/common/utils/interrupt/interrupt_sam_nvic.o
 .debug_macro   0x00013e41       0x16 src/ASF/common/utils/interrupt/interrupt_sam_nvic.o
 .debug_macro   0x00013e57       0x29 src/ASF/common/utils/interrupt/interrupt_sam_nvic.o
 .debug_macro   0x00013e80       0x51 src/ASF/common/utils/interrupt/interrupt_sam_nvic.o
 .debug_macro   0x00013ed1      0x3df src/ASF/common/utils/interrupt/interrupt_sam_nvic.o
 .debug_macro   0x000142b0       0x3e src/ASF/common/utils/interrupt/interrupt_sam_nvic.o
 .debug_macro   0x000142ee      0x55a src/ASF/sam0/boards/samda1_xplained_pro/board_init.o
 .debug_macro   0x00014848      0x2df src/ASF/sam0/boards/samda1_xplained_pro/board_init.o
 .debug_macro   0x00014b27       0x10 src/ASF/sam0/boards/samda1_xplained_pro/board_init.o
 .debug_macro   0x00014b37      0x962 src/ASF/sam0/boards/samda1_xplained_pro/board_init.o
 .debug_macro   0x00015499       0x11 src/ASF/sam0/boards/samda1_xplained_pro/board_init.o
 .debug_macro   0x000154aa       0x12 src/ASF/sam0/boards/samda1_xplained_pro/board_init.o
 .debug_macro   0x000154bc      0x539 src/ASF/sam0/drivers/port/port.o
 .debug_macro   0x000159f5      0x5cd src/ASF/sam0/drivers/sercom/i2c/i2c_sam0/i2c_slave.o
 .debug_macro   0x00015fc2       0x11 src/ASF/sam0/drivers/sercom/i2c/i2c_sam0/i2c_slave.o
 .debug_macro   0x00015fd3       0x16 src/ASF/sam0/drivers/sercom/i2c/i2c_sam0/i2c_slave.o
 .debug_macro   0x00015fe9       0x2e src/ASF/sam0/drivers/sercom/i2c/i2c_sam0/i2c_slave.o
 .debug_macro   0x00016017       0xb2 src/ASF/sam0/drivers/sercom/i2c/i2c_sam0/i2c_slave.o
 .debug_macro   0x000160c9       0x10 src/ASF/sam0/drivers/sercom/i2c/i2c_sam0/i2c_slave.o
 .debug_macro   0x000160d9       0x27 src/ASF/sam0/drivers/sercom/i2c/i2c_sam0/i2c_slave.o
 .debug_macro   0x00016100       0x40 src/ASF/sam0/drivers/sercom/i2c/i2c_sam0/i2c_slave.o
 .debug_macro   0x00016140      0x5c9 src/ASF/sam0/drivers/sercom/i2c/i2c_sam0/i2c_slave_interrupt.o
 .debug_macro   0x00016709      0x5ac src/ASF/sam0/drivers/sercom/sercom.o
 .debug_macro   0x00016cb5      0x5a9 src/ASF/sam0/drivers/sercom/sercom_interrupt.o
 .debug_macro   0x0001725e      0x590 src/ASF/sam0/drivers/system/clock/clock_samd21_r21_da_ha1/clock.o
 .debug_macro   0x000177ee      0x291 src/ASF/sam0/drivers/system/clock/clock_samd21_r21_da_ha1/clock.o
 .debug_macro   0x00017a7f      0x555 src/ASF/sam0/drivers/system/clock/clock_samd21_r21_da_ha1/gclk.o
 .debug_macro   0x00017fd4      0x531 src/ASF/sam0/drivers/system/pinmux/pinmux.o
 .debug_macro   0x00018505      0x562 src/ASF/sam0/drivers/system/system.o
 .debug_macro   0x00018a67      0x306 src/ASF/sam0/utils/cmsis/samda1/source/gcc/startup_samda1.o
 .debug_macro   0x00018d6d       0x3a src/ASF/sam0/utils/cmsis/samda1/source/gcc/startup_samda1.o
 .debug_macro   0x00018da7      0x617 src/qs_i2c_slave_callback.o
 .debug_macro   0x000193be       0x2d src/qs_i2c_slave_callback.o

.debug_line     0x00000000     0x8db6
 .debug_line    0x00000000      0x8e5 src/ASF/common/utils/interrupt/interrupt_sam_nvic.o
 .debug_line    0x000008e5      0x990 src/ASF/sam0/boards/samda1_xplained_pro/board_init.o
 .debug_line    0x00001275      0x917 src/ASF/sam0/drivers/port/port.o
 .debug_line    0x00001b8c      0xdc3 src/ASF/sam0/drivers/sercom/i2c/i2c_sam0/i2c_slave.o
 .debug_line    0x0000294f      0xd75 src/ASF/sam0/drivers/sercom/i2c/i2c_sam0/i2c_slave_interrupt.o
 .debug_line    0x000036c4      0xbef src/ASF/sam0/drivers/sercom/sercom.o
 .debug_line    0x000042b3      0xb93 src/ASF/sam0/drivers/sercom/sercom_interrupt.o
 .debug_line    0x00004e46      0xc6d src/ASF/sam0/drivers/system/clock/clock_samd21_r21_da_ha1/clock.o
 .debug_line    0x00005ab3      0xc92 src/ASF/sam0/drivers/system/clock/clock_samd21_r21_da_ha1/gclk.o
 .debug_line    0x00006745      0x947 src/ASF/sam0/drivers/system/pinmux/pinmux.o
 .debug_line    0x0000708c      0xa0e src/ASF/sam0/drivers/system/system.o
 .debug_line    0x00007a9a      0x669 src/ASF/sam0/utils/cmsis/samda1/source/gcc/startup_samda1.o
 .debug_line    0x00008103      0xcb3 src/qs_i2c_slave_callback.o

.debug_str      0x00000000    0x8c79b
 .debug_str     0x00000000    0x82539 src/ASF/common/utils/interrupt/interrupt_sam_nvic.o
                              0x82a17 (size before relaxing)
 .debug_str     0x00082539     0x3985 src/ASF/sam0/boards/samda1_xplained_pro/board_init.o
                              0x86349 (size before relaxing)
 .debug_str     0x00085ebe      0x18d src/ASF/sam0/drivers/port/port.o
                              0x82e1d (size before relaxing)
 .debug_str     0x0008604b     0x235e src/ASF/sam0/drivers/sercom/i2c/i2c_sam0/i2c_slave.o
                              0x8503b (size before relaxing)
 .debug_str     0x000883a9      0x27a src/ASF/sam0/drivers/sercom/i2c/i2c_sam0/i2c_slave_interrupt.o
                              0x840f9 (size before relaxing)
 .debug_str     0x00088623      0x4e3 src/ASF/sam0/drivers/sercom/sercom.o
                              0x840e4 (size before relaxing)
 .debug_str     0x00088b06      0x158 src/ASF/sam0/drivers/sercom/sercom_interrupt.o
                              0x83f7f (size before relaxing)
 .debug_str     0x00088c5e     0x278c src/ASF/sam0/drivers/system/clock/clock_samd21_r21_da_ha1/clock.o
                              0x85b69 (size before relaxing)
 .debug_str     0x0008b3ea      0x1fa src/ASF/sam0/drivers/system/clock/clock_samd21_r21_da_ha1/gclk.o
                              0x836e3 (size before relaxing)
 .debug_str     0x0008b5e4       0xf4 src/ASF/sam0/drivers/system/pinmux/pinmux.o
                              0x82e0e (size before relaxing)
 .debug_str     0x0008b6d8       0x47 src/ASF/sam0/drivers/system/system.o
                              0x82ace (size before relaxing)
 .debug_str     0x0008b71f      0xf2f src/ASF/sam0/utils/cmsis/samda1/source/gcc/startup_samda1.o
                              0x6dab5 (size before relaxing)
 .debug_str     0x0008c64e      0x14d src/qs_i2c_slave_callback.o
                              0x880eb (size before relaxing)

.debug_frame    0x00000000      0x844
 .debug_frame   0x00000000       0x30 src/ASF/common/utils/interrupt/interrupt_sam_nvic.o
 .debug_frame   0x00000030       0x30 src/ASF/sam0/boards/samda1_xplained_pro/board_init.o
 .debug_frame   0x00000060       0x44 src/ASF/sam0/drivers/port/port.o
 .debug_frame   0x000000a4      0x120 src/ASF/sam0/drivers/sercom/i2c/i2c_sam0/i2c_slave.o
 .debug_frame   0x000001c4       0x9c src/ASF/sam0/drivers/sercom/i2c/i2c_sam0/i2c_slave_interrupt.o
 .debug_frame   0x00000260       0xbc src/ASF/sam0/drivers/sercom/sercom.o
 .debug_frame   0x0000031c       0xe8 src/ASF/sam0/drivers/sercom/sercom_interrupt.o
 .debug_frame   0x00000404      0x14c src/ASF/sam0/drivers/system/clock/clock_samd21_r21_da_ha1/clock.o
 .debug_frame   0x00000550      0x148 src/ASF/sam0/drivers/system/clock/clock_samd21_r21_da_ha1/gclk.o
 .debug_frame   0x00000698       0x74 src/ASF/sam0/drivers/system/pinmux/pinmux.o
 .debug_frame   0x0000070c       0x38 src/ASF/sam0/drivers/system/system.o
 .debug_frame   0x00000744       0x40 src/ASF/sam0/utils/cmsis/samda1/source/gcc/startup_samda1.o
 .debug_frame   0x00000784       0x94 src/qs_i2c_slave_callback.o
 .debug_frame   0x00000818       0x2c c:/program files (x86)/atmel/studio/7.0/toolchain/arm/arm-gnu-toolchain/bin/../lib/gcc/arm-none-eabi/6.3.1/../../../../arm-none-eabi/lib/thumb/v6-m\libc_nano.a(lib_a-init.o)

.debug_loc      0x00000000     0x33b1
 .debug_loc     0x00000000       0x8b src/ASF/sam0/boards/samda1_xplained_pro/board_init.o
 .debug_loc     0x0000008b      0x13d src/ASF/sam0/drivers/port/port.o
 .debug_loc     0x000001c8      0x981 src/ASF/sam0/drivers/sercom/i2c/i2c_sam0/i2c_slave.o
 .debug_loc     0x00000b49      0x3e0 src/ASF/sam0/drivers/sercom/i2c/i2c_sam0/i2c_slave_interrupt.o
 .debug_loc     0x00000f29      0x9d5 src/ASF/sam0/drivers/sercom/sercom.o
 .debug_loc     0x000018fe      0x161 src/ASF/sam0/drivers/sercom/sercom_interrupt.o
 .debug_loc     0x00001a5f      0xec1 src/ASF/sam0/drivers/system/clock/clock_samd21_r21_da_ha1/clock.o
 .debug_loc     0x00002920      0x504 src/ASF/sam0/drivers/system/clock/clock_samd21_r21_da_ha1/gclk.o
 .debug_loc     0x00002e24      0x322 src/ASF/sam0/drivers/system/pinmux/pinmux.o
 .debug_loc     0x00003146       0x20 src/ASF/sam0/drivers/system/system.o
 .debug_loc     0x00003166       0x40 src/ASF/sam0/utils/cmsis/samda1/source/gcc/startup_samda1.o
 .debug_loc     0x000031a6      0x20b src/qs_i2c_slave_callback.o

Cross Reference Table

Symbol                                            File
AC_Handler                                        src/ASF/sam0/utils/cmsis/samda1/source/gcc/startup_samda1.o
ADC_Handler                                       src/ASF/sam0/utils/cmsis/samda1/source/gcc/startup_samda1.o
DAC_Handler                                       src/ASF/sam0/utils/cmsis/samda1/source/gcc/startup_samda1.o
DMAC_Handler                                      src/ASF/sam0/utils/cmsis/samda1/source/gcc/startup_samda1.o
Dummy_Handler                                     src/ASF/sam0/utils/cmsis/samda1/source/gcc/startup_samda1.o
EIC_Handler                                       src/ASF/sam0/utils/cmsis/samda1/source/gcc/startup_samda1.o
EVSYS_Handler                                     src/ASF/sam0/utils/cmsis/samda1/source/gcc/startup_samda1.o
HardFault_Handler                                 src/ASF/sam0/utils/cmsis/samda1/source/gcc/startup_samda1.o
I2S_Handler                                       src/ASF/sam0/utils/cmsis/samda1/source/gcc/startup_samda1.o
NMI_Handler                                       src/ASF/sam0/utils/cmsis/samda1/source/gcc/startup_samda1.o
NVMCTRL_Handler                                   src/ASF/sam0/utils/cmsis/samda1/source/gcc/startup_samda1.o
PM_Handler                                        src/ASF/sam0/utils/cmsis/samda1/source/gcc/startup_samda1.o
PTC_Handler                                       src/ASF/sam0/utils/cmsis/samda1/source/gcc/startup_samda1.o
PendSV_Handler                                    src/ASF/sam0/utils/cmsis/samda1/source/gcc/startup_samda1.o
RTC_Handler                                       src/ASF/sam0/utils/cmsis/samda1/source/gcc/startup_samda1.o
Reset_Handler                                     src/ASF/sam0/utils/cmsis/samda1/source/gcc/startup_samda1.o
SERCOM0_Handler                                   src/ASF/sam0/drivers/sercom/sercom_interrupt.o
SERCOM1_Handler                                   src/ASF/sam0/drivers/sercom/sercom_interrupt.o
SERCOM2_Handler                                   src/ASF/sam0/drivers/sercom/sercom_interrupt.o
SERCOM3_Handler                                   src/ASF/sam0/drivers/sercom/sercom_interrupt.o
SERCOM4_Handler                                   src/ASF/sam0/drivers/sercom/sercom_interrupt.o
SERCOM5_Handler                                   src/ASF/sam0/drivers/sercom/sercom_interrupt.o
SVC_Handler                                       src/ASF/sam0/utils/cmsis/samda1/source/gcc/startup_samda1.o
SYSCTRL_Handler                                   src/ASF/sam0/utils/cmsis/samda1/source/gcc/startup_samda1.o
SysTick_Handler                                   src/ASF/sam0/utils/cmsis/samda1/source/gcc/startup_samda1.o
SystemCoreClock                                   src/ASF/sam0/utils/cmsis/samda1/source/system_samda1.o
SystemCoreClockUpdate                             src/ASF/sam0/utils/cmsis/samda1/source/system_samda1.o
SystemInit                                        src/ASF/sam0/utils/cmsis/samda1/source/system_samda1.o
TC3_Handler                                       src/ASF/sam0/utils/cmsis/samda1/source/gcc/startup_samda1.o
TC4_Handler                                       src/ASF/sam0/utils/cmsis/samda1/source/gcc/startup_samda1.o
TC5_Handler                                       src/ASF/sam0/utils/cmsis/samda1/source/gcc/startup_samda1.o
TC6_Handler                                       src/ASF/sam0/utils/cmsis/samda1/source/gcc/startup_samda1.o
TC7_Handler                                       src/ASF/sam0/utils/cmsis/samda1/source/gcc/startup_samda1.o
TCC0_Handler                                      src/ASF/sam0/utils/cmsis/samda1/source/gcc/startup_samda1.o
TCC1_Handler                                      src/ASF/sam0/utils/cmsis/samda1/source/gcc/startup_samda1.o
TCC2_Handler                                      src/ASF/sam0/utils/cmsis/samda1/source/gcc/startup_samda1.o
USB_Handler                                       src/ASF/sam0/utils/cmsis/samda1/source/gcc/startup_samda1.o
WDT_Handler                                       src/ASF/sam0/utils/cmsis/samda1/source/gcc/startup_samda1.o
_Jv_RegisterClasses                               c:/program files (x86)/atmel/studio/7.0/toolchain/arm/arm-gnu-toolchain/bin/../lib/gcc/arm-none-eabi/6.3.1/thumb/v6-m/crtbegin.o
__aeabi_idiv0                                     c:/program files (x86)/atmel/studio/7.0/toolchain/arm/arm-gnu-toolchain/bin/../lib/gcc/arm-none-eabi/6.3.1/thumb/v6-m\libgcc.a(_dvmd_tls.o)
                                                  c:/program files (x86)/atmel/studio/7.0/toolchain/arm/arm-gnu-toolchain/bin/../lib/gcc/arm-none-eabi/6.3.1/thumb/v6-m\libgcc.a(_udivsi3.o)
__aeabi_ldiv0                                     c:/program files (x86)/atmel/studio/7.0/toolchain/arm/arm-gnu-toolchain/bin/../lib/gcc/arm-none-eabi/6.3.1/thumb/v6-m\libgcc.a(_dvmd_tls.o)
__aeabi_lmul                                      c:/program files (x86)/atmel/studio/7.0/toolchain/arm/arm-gnu-toolchain/bin/../lib/gcc/arm-none-eabi/6.3.1/thumb/v6-m\libgcc.a(_muldi3.o)
                                                  src/ASF/sam0/drivers/sercom/sercom.o
__aeabi_uidiv                                     c:/program files (x86)/atmel/studio/7.0/toolchain/arm/arm-gnu-toolchain/bin/../lib/gcc/arm-none-eabi/6.3.1/thumb/v6-m\libgcc.a(_udivsi3.o)
                                                  src/ASF/sam0/drivers/system/clock/clock_samd21_r21_da_ha1/gclk.o
                                                  src/ASF/sam0/drivers/system/clock/clock_samd21_r21_da_ha1/clock.o
__aeabi_uidivmod                                  c:/program files (x86)/atmel/studio/7.0/toolchain/arm/arm-gnu-toolchain/bin/../lib/gcc/arm-none-eabi/6.3.1/thumb/v6-m\libgcc.a(_udivsi3.o)
__bss_end__                                       c:/program files (x86)/atmel/studio/7.0/toolchain/arm/arm-gnu-toolchain/bin/../lib/gcc/arm-none-eabi/6.3.1/../../../../arm-none-eabi/lib/thumb/v6-m/crt0.o
__bss_start__                                     c:/program files (x86)/atmel/studio/7.0/toolchain/arm/arm-gnu-toolchain/bin/../lib/gcc/arm-none-eabi/6.3.1/../../../../arm-none-eabi/lib/thumb/v6-m/crt0.o
__call_exitprocs                                  c:/program files (x86)/atmel/studio/7.0/toolchain/arm/arm-gnu-toolchain/bin/../lib/gcc/arm-none-eabi/6.3.1/../../../../arm-none-eabi/lib/thumb/v6-m\libc_nano.a(lib_a-exit.o)
__deregister_frame_info                           c:/program files (x86)/atmel/studio/7.0/toolchain/arm/arm-gnu-toolchain/bin/../lib/gcc/arm-none-eabi/6.3.1/thumb/v6-m/crtbegin.o
__dso_handle                                      c:/program files (x86)/atmel/studio/7.0/toolchain/arm/arm-gnu-toolchain/bin/../lib/gcc/arm-none-eabi/6.3.1/thumb/v6-m/crtbegin.o
__init_array_end                                  c:/program files (x86)/atmel/studio/7.0/toolchain/arm/arm-gnu-toolchain/bin/../lib/gcc/arm-none-eabi/6.3.1/../../../../arm-none-eabi/lib/thumb/v6-m\libc_nano.a(lib_a-init.o)
__init_array_start                                c:/program files (x86)/atmel/studio/7.0/toolchain/arm/arm-gnu-toolchain/bin/../lib/gcc/arm-none-eabi/6.3.1/../../../../arm-none-eabi/lib/thumb/v6-m\libc_nano.a(lib_a-init.o)
__libc_fini_array                                 c:/program files (x86)/atmel/studio/7.0/toolchain/arm/arm-gnu-toolchain/bin/../lib/gcc/arm-none-eabi/6.3.1/../../../../arm-none-eabi/lib/thumb/v6-m/crt0.o
__libc_init_array                                 c:/program files (x86)/atmel/studio/7.0/toolchain/arm/arm-gnu-toolchain/bin/../lib/gcc/arm-none-eabi/6.3.1/../../../../arm-none-eabi/lib/thumb/v6-m\libc_nano.a(lib_a-init.o)
                                                  src/ASF/sam0/utils/cmsis/samda1/source/gcc/startup_samda1.o
                                                  c:/program files (x86)/atmel/studio/7.0/toolchain/arm/arm-gnu-toolchain/bin/../lib/gcc/arm-none-eabi/6.3.1/../../../../arm-none-eabi/lib/thumb/v6-m/crt0.o
__muldi3                                          c:/program files (x86)/atmel/studio/7.0/toolchain/arm/arm-gnu-toolchain/bin/../lib/gcc/arm-none-eabi/6.3.1/thumb/v6-m\libgcc.a(_muldi3.o)
__preinit_array_end                               c:/program files (x86)/atmel/studio/7.0/toolchain/arm/arm-gnu-toolchain/bin/../lib/gcc/arm-none-eabi/6.3.1/../../../../arm-none-eabi/lib/thumb/v6-m\libc_nano.a(lib_a-init.o)
__preinit_array_start                             c:/program files (x86)/atmel/studio/7.0/toolchain/arm/arm-gnu-toolchain/bin/../lib/gcc/arm-none-eabi/6.3.1/../../../../arm-none-eabi/lib/thumb/v6-m\libc_nano.a(lib_a-init.o)
__register_frame_info                             c:/program files (x86)/atmel/studio/7.0/toolchain/arm/arm-gnu-toolchain/bin/../lib/gcc/arm-none-eabi/6.3.1/thumb/v6-m/crtbegin.o
__sf_fake_stderr                                  c:/program files (x86)/atmel/studio/7.0/toolchain/arm/arm-gnu-toolchain/bin/../lib/gcc/arm-none-eabi/6.3.1/../../../../arm-none-eabi/lib/thumb/v6-m\libc_nano.a(lib_a-impure.o)
__sf_fake_stdin                                   c:/program files (x86)/atmel/studio/7.0/toolchain/arm/arm-gnu-toolchain/bin/../lib/gcc/arm-none-eabi/6.3.1/../../../../arm-none-eabi/lib/thumb/v6-m\libc_nano.a(lib_a-impure.o)
__sf_fake_stdout                                  c:/program files (x86)/atmel/studio/7.0/toolchain/arm/arm-gnu-toolchain/bin/../lib/gcc/arm-none-eabi/6.3.1/../../../../arm-none-eabi/lib/thumb/v6-m\libc_nano.a(lib_a-impure.o)
__stack                                           c:/program files (x86)/atmel/studio/7.0/toolchain/arm/arm-gnu-toolchain/bin/../lib/gcc/arm-none-eabi/6.3.1/../../../../arm-none-eabi/lib/thumb/v6-m/crt0.o
__udivsi3                                         c:/program files (x86)/atmel/studio/7.0/toolchain/arm/arm-gnu-toolchain/bin/../lib/gcc/arm-none-eabi/6.3.1/thumb/v6-m\libgcc.a(_udivsi3.o)
_close                                            src/ASF/sam0/utils/syscalls/gcc/syscalls.o
_end                                              src/ASF/sam0/utils/syscalls/gcc/syscalls.o
_erelocate                                        src/ASF/sam0/utils/cmsis/samda1/source/gcc/startup_samda1.o
_estack                                           src/ASF/sam0/utils/cmsis/samda1/source/gcc/startup_samda1.o
_etext                                            src/ASF/sam0/utils/cmsis/samda1/source/gcc/startup_samda1.o
_exit                                             src/ASF/sam0/utils/syscalls/gcc/syscalls.o
                                                  c:/program files (x86)/atmel/studio/7.0/toolchain/arm/arm-gnu-toolchain/bin/../lib/gcc/arm-none-eabi/6.3.1/../../../../arm-none-eabi/lib/thumb/v6-m\libc_nano.a(lib_a-exit.o)
_ezero                                            src/ASF/sam0/utils/cmsis/samda1/source/gcc/startup_samda1.o
_fini                                             c:/program files (x86)/atmel/studio/7.0/toolchain/arm/arm-gnu-toolchain/bin/../lib/gcc/arm-none-eabi/6.3.1/thumb/v6-m/crti.o
_fstat                                            src/ASF/sam0/utils/syscalls/gcc/syscalls.o
_getpid                                           src/ASF/sam0/utils/syscalls/gcc/syscalls.o
_global_impure_ptr                                c:/program files (x86)/atmel/studio/7.0/toolchain/arm/arm-gnu-toolchain/bin/../lib/gcc/arm-none-eabi/6.3.1/../../../../arm-none-eabi/lib/thumb/v6-m\libc_nano.a(lib_a-impure.o)
                                                  c:/program files (x86)/atmel/studio/7.0/toolchain/arm/arm-gnu-toolchain/bin/../lib/gcc/arm-none-eabi/6.3.1/../../../../arm-none-eabi/lib/thumb/v6-m\libc_nano.a(lib_a-exit.o)
_i2c_slave_interrupt_handler                      src/ASF/sam0/drivers/sercom/i2c/i2c_sam0/i2c_slave_interrupt.o
                                                  src/ASF/sam0/drivers/sercom/i2c/i2c_sam0/i2c_slave.o
_impure_ptr                                       c:/program files (x86)/atmel/studio/7.0/toolchain/arm/arm-gnu-toolchain/bin/../lib/gcc/arm-none-eabi/6.3.1/../../../../arm-none-eabi/lib/thumb/v6-m\libc_nano.a(lib_a-impure.o)
_init                                             c:/program files (x86)/atmel/studio/7.0/toolchain/arm/arm-gnu-toolchain/bin/../lib/gcc/arm-none-eabi/6.3.1/thumb/v6-m/crti.o
                                                  c:/program files (x86)/atmel/studio/7.0/toolchain/arm/arm-gnu-toolchain/bin/../lib/gcc/arm-none-eabi/6.3.1/../../../../arm-none-eabi/lib/thumb/v6-m\libc_nano.a(lib_a-init.o)
_isatty                                           src/ASF/sam0/utils/syscalls/gcc/syscalls.o
_kill                                             src/ASF/sam0/utils/syscalls/gcc/syscalls.o
_lseek                                            src/ASF/sam0/utils/syscalls/gcc/syscalls.o
_mainCRTStartup                                   c:/program files (x86)/atmel/studio/7.0/toolchain/arm/arm-gnu-toolchain/bin/../lib/gcc/arm-none-eabi/6.3.1/../../../../arm-none-eabi/lib/thumb/v6-m/crt0.o
_sbrk                                             src/ASF/sam0/utils/syscalls/gcc/syscalls.o
_sercom_get_async_baud_val                        src/ASF/sam0/drivers/sercom/sercom.o
_sercom_get_default_pad                           src/ASF/sam0/drivers/sercom/sercom.o
                                                  src/ASF/sam0/drivers/sercom/i2c/i2c_sam0/i2c_slave.o
_sercom_get_interrupt_vector                      src/ASF/sam0/drivers/sercom/sercom_interrupt.o
                                                  src/qs_i2c_slave_callback.o
                                                  src/ASF/sam0/drivers/sercom/i2c/i2c_sam0/i2c_slave.o
_sercom_get_sercom_inst_index                     src/ASF/sam0/drivers/sercom/sercom.o
                                                  src/ASF/sam0/drivers/sercom/sercom_interrupt.o
                                                  src/ASF/sam0/drivers/sercom/i2c/i2c_sam0/i2c_slave.o
_sercom_get_sync_baud_val                         src/ASF/sam0/drivers/sercom/sercom.o
_sercom_instances                                 src/ASF/sam0/drivers/sercom/sercom_interrupt.o
                                                  src/ASF/sam0/drivers/sercom/i2c/i2c_sam0/i2c_slave_interrupt.o
                                                  src/ASF/sam0/drivers/sercom/i2c/i2c_sam0/i2c_slave.o
_sercom_set_handler                               src/ASF/sam0/drivers/sercom/sercom_interrupt.o
                                                  src/ASF/sam0/drivers/sercom/i2c/i2c_sam0/i2c_slave.o
_sfixed                                           src/ASF/sam0/utils/cmsis/samda1/source/gcc/startup_samda1.o
_srelocate                                        src/ASF/sam0/utils/cmsis/samda1/source/gcc/startup_samda1.o
_start                                            c:/program files (x86)/atmel/studio/7.0/toolchain/arm/arm-gnu-toolchain/bin/../lib/gcc/arm-none-eabi/6.3.1/../../../../arm-none-eabi/lib/thumb/v6-m/crt0.o
_system_divas_init                                src/ASF/sam0/drivers/system/system.o
_system_dummy_init                                src/ASF/sam0/drivers/system/system.o
_system_events_init                               src/ASF/sam0/drivers/system/system.o
_system_extint_init                               src/ASF/sam0/drivers/system/system.o
_szero                                            src/ASF/sam0/utils/cmsis/samda1/source/gcc/startup_samda1.o
atexit                                            c:/program files (x86)/atmel/studio/7.0/toolchain/arm/arm-gnu-toolchain/bin/../lib/gcc/arm-none-eabi/6.3.1/../../../../arm-none-eabi/lib/thumb/v6-m/crt0.o
board_init                                        src/ASF/sam0/boards/samda1_xplained_pro/board_init.o
configure_i2c_slave                               src/qs_i2c_slave_callback.o
configure_i2c_slave_callbacks                     src/qs_i2c_slave_callback.o
cpu_irq_enter_critical                            src/ASF/common/utils/interrupt/interrupt_sam_nvic.o
                                                  src/ASF/sam0/drivers/system/clock/clock_samd21_r21_da_ha1/gclk.o
                                                  src/ASF/sam0/drivers/sercom/i2c/i2c_sam0/i2c_slave_interrupt.o
                                                  src/ASF/sam0/drivers/sercom/i2c/i2c_sam0/i2c_slave.o
cpu_irq_leave_critical                            src/ASF/common/utils/interrupt/interrupt_sam_nvic.o
                                                  src/ASF/sam0/drivers/system/clock/clock_samd21_r21_da_ha1/gclk.o
                                                  src/ASF/sam0/drivers/sercom/i2c/i2c_sam0/i2c_slave_interrupt.o
                                                  src/ASF/sam0/drivers/sercom/i2c/i2c_sam0/i2c_slave.o
exception_table                                   src/ASF/sam0/utils/cmsis/samda1/source/gcc/startup_samda1.o
exit                                              c:/program files (x86)/atmel/studio/7.0/toolchain/arm/arm-gnu-toolchain/bin/../lib/gcc/arm-none-eabi/6.3.1/../../../../arm-none-eabi/lib/thumb/v6-m\libc_nano.a(lib_a-exit.o)
                                                  c:/program files (x86)/atmel/studio/7.0/toolchain/arm/arm-gnu-toolchain/bin/../lib/gcc/arm-none-eabi/6.3.1/../../../../arm-none-eabi/lib/thumb/v6-m/crt0.o
g_interrupt_enabled                               src/ASF/common/utils/interrupt/interrupt_sam_nvic.o
hardware_init_hook                                c:/program files (x86)/atmel/studio/7.0/toolchain/arm/arm-gnu-toolchain/bin/../lib/gcc/arm-none-eabi/6.3.1/../../../../arm-none-eabi/lib/thumb/v6-m/crt0.o
i2c_read_request_callback                         src/qs_i2c_slave_callback.o
i2c_slave_clear_status                            src/ASF/sam0/drivers/sercom/i2c/i2c_sam0/i2c_slave.o
i2c_slave_disable_nack_on_address                 src/ASF/sam0/drivers/sercom/i2c/i2c_sam0/i2c_slave_interrupt.o
i2c_slave_enable_nack_on_address                  src/ASF/sam0/drivers/sercom/i2c/i2c_sam0/i2c_slave_interrupt.o
i2c_slave_get_direction_wait                      src/ASF/sam0/drivers/sercom/i2c/i2c_sam0/i2c_slave.o
i2c_slave_get_status                              src/ASF/sam0/drivers/sercom/i2c/i2c_sam0/i2c_slave.o
i2c_slave_init                                    src/ASF/sam0/drivers/sercom/i2c/i2c_sam0/i2c_slave.o
                                                  src/qs_i2c_slave_callback.o
i2c_slave_instance                                src/qs_i2c_slave_callback.o
i2c_slave_read_packet_job                         src/ASF/sam0/drivers/sercom/i2c/i2c_sam0/i2c_slave_interrupt.o
                                                  src/qs_i2c_slave_callback.o
i2c_slave_read_packet_wait                        src/ASF/sam0/drivers/sercom/i2c/i2c_sam0/i2c_slave.o
i2c_slave_register_callback                       src/ASF/sam0/drivers/sercom/i2c/i2c_sam0/i2c_slave_interrupt.o
                                                  src/qs_i2c_slave_callback.o
i2c_slave_reset                                   src/ASF/sam0/drivers/sercom/i2c/i2c_sam0/i2c_slave.o
i2c_slave_unregister_callback                     src/ASF/sam0/drivers/sercom/i2c/i2c_sam0/i2c_slave_interrupt.o
i2c_slave_write_packet_job                        src/ASF/sam0/drivers/sercom/i2c/i2c_sam0/i2c_slave_interrupt.o
                                                  src/qs_i2c_slave_callback.o
i2c_slave_write_packet_wait                       src/ASF/sam0/drivers/sercom/i2c/i2c_sam0/i2c_slave.o
i2c_write_request_callback                        src/qs_i2c_slave_callback.o
link                                              src/ASF/sam0/utils/syscalls/gcc/syscalls.o
main                                              src/qs_i2c_slave_callback.o
                                                  src/ASF/sam0/utils/cmsis/samda1/source/gcc/startup_samda1.o
                                                  c:/program files (x86)/atmel/studio/7.0/toolchain/arm/arm-gnu-toolchain/bin/../lib/gcc/arm-none-eabi/6.3.1/../../../../arm-none-eabi/lib/thumb/v6-m/crt0.o
memset                                            c:/program files (x86)/atmel/studio/7.0/toolchain/arm/arm-gnu-toolchain/bin/../lib/gcc/arm-none-eabi/6.3.1/../../../../arm-none-eabi/lib/thumb/v6-m\libc_nano.a(lib_a-memset.o)
                                                  c:/program files (x86)/atmel/studio/7.0/toolchain/arm/arm-gnu-toolchain/bin/../lib/gcc/arm-none-eabi/6.3.1/../../../../arm-none-eabi/lib/thumb/v6-m/crt0.o
port_group_set_config                             src/ASF/sam0/drivers/port/port.o
port_pin_set_config                               src/ASF/sam0/drivers/port/port.o
                                                  src/ASF/sam0/boards/samda1_xplained_pro/board_init.o
sercom_set_gclk_generator                         src/ASF/sam0/drivers/sercom/sercom.o
                                                  src/ASF/sam0/drivers/sercom/i2c/i2c_sam0/i2c_slave.o
software_init_hook                                c:/program files (x86)/atmel/studio/7.0/toolchain/arm/arm-gnu-toolchain/bin/../lib/gcc/arm-none-eabi/6.3.1/../../../../arm-none-eabi/lib/thumb/v6-m/crt0.o
system_board_init                                 src/ASF/sam0/boards/samda1_xplained_pro/board_init.o
system_clock_init                                 src/ASF/sam0/drivers/system/clock/clock_samd21_r21_da_ha1/clock.o
system_clock_source_dfll_set_config               src/ASF/sam0/drivers/system/clock/clock_samd21_r21_da_ha1/clock.o
system_clock_source_disable                       src/ASF/sam0/drivers/system/clock/clock_samd21_r21_da_ha1/clock.o
system_clock_source_dpll_set_config               src/ASF/sam0/drivers/system/clock/clock_samd21_r21_da_ha1/clock.o
system_clock_source_enable                        src/ASF/sam0/drivers/system/clock/clock_samd21_r21_da_ha1/clock.o
system_clock_source_get_hz                        src/ASF/sam0/drivers/system/clock/clock_samd21_r21_da_ha1/clock.o
                                                  src/ASF/sam0/drivers/system/clock/clock_samd21_r21_da_ha1/gclk.o
system_clock_source_is_ready                      src/ASF/sam0/drivers/system/clock/clock_samd21_r21_da_ha1/clock.o
system_clock_source_osc32k_set_config             src/ASF/sam0/drivers/system/clock/clock_samd21_r21_da_ha1/clock.o
system_clock_source_osc8m_set_config              src/ASF/sam0/drivers/system/clock/clock_samd21_r21_da_ha1/clock.o
system_clock_source_write_calibration             src/ASF/sam0/drivers/system/clock/clock_samd21_r21_da_ha1/clock.o
system_clock_source_xosc32k_set_config            src/ASF/sam0/drivers/system/clock/clock_samd21_r21_da_ha1/clock.o
system_clock_source_xosc_set_config               src/ASF/sam0/drivers/system/clock/clock_samd21_r21_da_ha1/clock.o
system_gclk_chan_disable                          src/ASF/sam0/drivers/system/clock/clock_samd21_r21_da_ha1/gclk.o
system_gclk_chan_enable                           src/ASF/sam0/drivers/system/clock/clock_samd21_r21_da_ha1/gclk.o
                                                  src/ASF/sam0/drivers/sercom/sercom.o
                                                  src/ASF/sam0/drivers/sercom/i2c/i2c_sam0/i2c_slave.o
system_gclk_chan_get_hz                           src/ASF/sam0/drivers/system/clock/clock_samd21_r21_da_ha1/gclk.o
                                                  src/ASF/sam0/drivers/system/clock/clock_samd21_r21_da_ha1/clock.o
system_gclk_chan_is_enabled                       src/ASF/sam0/drivers/system/clock/clock_samd21_r21_da_ha1/gclk.o
system_gclk_chan_is_locked                        src/ASF/sam0/drivers/system/clock/clock_samd21_r21_da_ha1/gclk.o
system_gclk_chan_lock                             src/ASF/sam0/drivers/system/clock/clock_samd21_r21_da_ha1/gclk.o
system_gclk_chan_set_config                       src/ASF/sam0/drivers/system/clock/clock_samd21_r21_da_ha1/gclk.o
                                                  src/ASF/sam0/drivers/system/clock/clock_samd21_r21_da_ha1/clock.o
                                                  src/ASF/sam0/drivers/sercom/sercom.o
                                                  src/ASF/sam0/drivers/sercom/i2c/i2c_sam0/i2c_slave.o
system_gclk_gen_disable                           src/ASF/sam0/drivers/system/clock/clock_samd21_r21_da_ha1/gclk.o
system_gclk_gen_enable                            src/ASF/sam0/drivers/system/clock/clock_samd21_r21_da_ha1/gclk.o
                                                  src/ASF/sam0/drivers/system/clock/clock_samd21_r21_da_ha1/clock.o
system_gclk_gen_get_hz                            src/ASF/sam0/drivers/system/clock/clock_samd21_r21_da_ha1/gclk.o
system_gclk_gen_is_enabled                        src/ASF/sam0/drivers/system/clock/clock_samd21_r21_da_ha1/gclk.o
system_gclk_gen_set_config                        src/ASF/sam0/drivers/system/clock/clock_samd21_r21_da_ha1/gclk.o
                                                  src/ASF/sam0/drivers/system/clock/clock_samd21_r21_da_ha1/clock.o
system_gclk_init                                  src/ASF/sam0/drivers/system/clock/clock_samd21_r21_da_ha1/gclk.o
                                                  src/ASF/sam0/drivers/system/clock/clock_samd21_r21_da_ha1/clock.o
system_init                                       src/ASF/sam0/drivers/system/system.o
                                                  src/qs_i2c_slave_callback.o
system_interrupt_clear_pending                    src/ASF/sam0/drivers/system/interrupt/system_interrupt.o
                                                  src/ASF/sam0/drivers/sercom/i2c/i2c_sam0/i2c_slave.o
system_interrupt_get_priority                     src/ASF/sam0/drivers/system/interrupt/system_interrupt.o
system_interrupt_is_pending                       src/ASF/sam0/drivers/system/interrupt/system_interrupt.o
system_interrupt_set_pending                      src/ASF/sam0/drivers/system/interrupt/system_interrupt.o
system_interrupt_set_priority                     src/ASF/sam0/drivers/system/interrupt/system_interrupt.o
system_pinmux_group_set_config                    src/ASF/sam0/drivers/system/pinmux/pinmux.o
                                                  src/ASF/sam0/drivers/port/port.o
system_pinmux_group_set_input_sample_mode         src/ASF/sam0/drivers/system/pinmux/pinmux.o
system_pinmux_pin_set_config                      src/ASF/sam0/drivers/system/pinmux/pinmux.o
                                                  src/ASF/sam0/drivers/sercom/i2c/i2c_sam0/i2c_slave.o
                                                  src/ASF/sam0/drivers/port/port.o
